// Jest Snapshot v1, https://goo.gl/fbAQLP

exports[`renders correctly 1`] = `
<View
  onLayout={[Function]}
  style={
    Object {
      "alignItems": "center",
      "backgroundColor": "white",
      "height": "100%",
      "width": "100%",
    }
  }
>
  <View
    accessible={true}
    focusable={true}
    onClick={[Function]}
    onResponderGrant={[Function]}
    onResponderMove={[Function]}
    onResponderRelease={[Function]}
    onResponderTerminate={[Function]}
    onResponderTerminationRequest={[Function]}
    onStartShouldSetResponder={[Function]}
    style={
      Object {
        "alignItems": "center",
        "backgroundColor": "#4088da",
        "borderRadius": 3,
        "justifyContent": "center",
        "opacity": 1,
        "paddingHorizontal": 8,
        "paddingVertical": 8,
        "top": 200,
      }
    }
  >
    <Text
      style={
        Array [
          Object {
            "color": "white",
            "fontFamily": "ProximaNova-Regular",
            "fontSize": 20,
          },
          null,
        ]
      }
    >
      Start Game
    </Text>
  </View>
</View>
`;
